 too low. Number of files is 256, should be at least 1000
> db
test
>  
> 
> show dbs
local  0.000GB
> use nodeauth
switched to db nodeauth
> show dbs
local  0.000GB
> show collections
> db.createCollection<'users'>;
2016-09-08T04:18:04.893-0300 E QUERY    [thread1] SyntaxError: expected expression, got ';' @(shell):1:28

> db.createCollection<'users'>
... ;
2016-09-08T04:18:27.220-0300 E QUERY    [thread1] SyntaxError: expected expression, got ';' @(shell):2:0

> db.createCollection('users') ;
{ "ok" : 1 }
> show collections
users
> show  dbs
local     0.000GB
nodeauth  0.000GB
> db.users.insert({name:"Diego Collao", email:"dcollao@icloud.com", username:"3ndgl0ry", password:"12345"});
WriteResult({ "nInserted" : 1 })
> show db.users
2016-09-08T04:22:20.169-0300 E QUERY    [thread1] Error: don't know how to show [db.users] :
shellHelper.show@src/mongo/shell/utils.js:865:11
shellHelper@src/mongo/shell/utils.js:651:15
@(shellhelp2):1:1

> db.users.find();
{ "_id" : ObjectId("57d111a5607fcd848b88851c"), "name" : "Diego Collao", "email" : "dcollao@icloud.com", "username" : "3ndgl0ry", "password" : "12345" }
> db.users.find().pretty();
{
	"_id" : ObjectId("57d111a5607fcd848b88851c"),
	"name" : "Diego Collao",
	"email" : "dcollao@icloud.com",
	"username" : "3ndgl0ry",
	"password" : "12345"
}
> db.users.insert({name:"Papas Duquesas", email:"diego.collao.albornoz@gmail.com", username:"dcollao", password:"12345"});
WriteResult({ "nInserted" : 1 })
> db.users.find().pretty();
{
	"_id" : ObjectId("57d111a5607fcd848b88851c"),
	"name" : "Diego Collao",
	"email" : "dcollao@icloud.com",
	"username" : "3ndgl0ry",
	"password" : "12345"
}
{
	"_id" : ObjectId("57d1123b607fcd848b88851d"),
	"name" : "Papas Duquesas",
	"email" : "diego.collao.albornoz@gmail.com",
	"username" : "dcollao",
	"password" : "12345"
}
> db.users.update({username:"3ndgl0ry"},{$set:{email:"3ky@hotmail.fi"}});
WriteResult({ "nMatched" : 1, "nUpserted" : 0, "nModified" : 1 })
> db.users.find().pretty();
{
	"_id" : ObjectId("57d111a5607fcd848b88851c"),
	"name" : "Diego Collao",
	"email" : "3ky@hotmail.fi",
	"username" : "3ndgl0ry",
	"password" : "12345"
}
{
	"_id" : ObjectId("57d1123b607fcd848b88851d"),
	"name" : "Papas Duquesas",
	"email" : "diego.collao.albornoz@gmail.com",
	"username" : "dcollao",
	"password" : "12345"
}
> exit
bye
